// Jest Snapshot v1, https://goo.gl/fbAQLP

exports[`Thing Component matches snapshot without props 1`] = `
<section>
  <span
    className="thing"
  >
    Thing
  </span>
  <div>
    Thing 2
  </div>
</section>
`;
